2026-04-23 13:43:58.742 +07:00 [WRN] Entity 'Exam' has a global query filter defined and is the required end of a relationship with the entity 'ExamQuestion'. This may lead to unexpected results when the required entity is filtered out. Either configure the navigation as optional, or define matching query filters for both entities in the navigation. See https://go.microsoft.com/fwlink/?linkid=2131316 for more information.
2026-04-23 13:43:58.801 +07:00 [WRN] Entity 'Exam' has a global query filter defined and is the required end of a relationship with the entity 'QuizAttempt'. This may lead to unexpected results when the required entity is filtered out. Either configure the navigation as optional, or define matching query filters for both entities in the navigation. See https://go.microsoft.com/fwlink/?linkid=2131316 for more information.
2026-04-23 13:43:58.891 +07:00 [WRN] No store type was specified for the decimal property 'AI_BaseSalaryImpact' on entity type 'Course'. This will cause values to be silently truncated if they do not fit in the default precision and scale. Explicitly specify the SQL server column type that can accommodate all the values in 'OnModelCreating' using 'HasColumnType', specify precision and scale using 'HasPrecision', or configure a value converter using 'HasConversion'.
2026-04-23 13:43:58.893 +07:00 [WRN] No store type was specified for the decimal property 'DiscountPrice' on entity type 'Course'. This will cause values to be silently truncated if they do not fit in the default precision and scale. Explicitly specify the SQL server column type that can accommodate all the values in 'OnModelCreating' using 'HasColumnType', specify precision and scale using 'HasPrecision', or configure a value converter using 'HasConversion'.
2026-04-23 13:44:00.053 +07:00 [INF] Start installing Hangfire SQL objects...
2026-04-23 13:44:00.714 +07:00 [INF] Hangfire SQL objects installed.
2026-04-23 13:44:01.091 +07:00 [INF] Assessment Event Handler is starting...
2026-04-23 13:44:01.200 +07:00 [ERR] Hosting failed to start
System.IO.IOException: Failed to bind to address http://127.0.0.1:5181: address already in use.
 ---> Microsoft.AspNetCore.Connections.AddressInUseException: Only one usage of each socket address (protocol/network address/port) is normally permitted.
 ---> System.Net.Sockets.SocketException (10048): Only one usage of each socket address (protocol/network address/port) is normally permitted.
   at System.Net.Sockets.Socket.UpdateStatusAfterSocketErrorAndThrowException(SocketError error, Boolean disconnectOnFailure, String callerName)
   at System.Net.Sockets.Socket.DoBind(EndPoint endPointSnapshot, SocketAddress socketAddress)
   at System.Net.Sockets.Socket.Bind(EndPoint localEP)
   at Microsoft.AspNetCore.Server.Kestrel.Transport.Sockets.SocketTransportOptions.CreateDefaultBoundListenSocket(EndPoint endpoint)
   at Microsoft.AspNetCore.Server.Kestrel.Transport.Sockets.SocketConnectionListener.Bind()
   --- End of inner exception stack trace ---
   at Microsoft.AspNetCore.Server.Kestrel.Transport.Sockets.SocketConnectionListener.Bind()
   at Microsoft.AspNetCore.Server.Kestrel.Transport.Sockets.SocketTransportFactory.BindAsync(EndPoint endpoint, CancellationToken cancellationToken)
   at Microsoft.AspNetCore.Server.Kestrel.Core.Internal.Infrastructure.TransportManager.BindAsync(EndPoint endPoint, ConnectionDelegate connectionDelegate, EndpointConfig endpointConfig, CancellationToken cancellationToken)
   at Microsoft.AspNetCore.Server.Kestrel.Core.KestrelServerImpl.<>c__DisplayClass28_0`1.<<StartAsync>g__OnBind|0>d.MoveNext()
--- End of stack trace from previous location ---
   at Microsoft.AspNetCore.Server.Kestrel.Core.Internal.AddressBinder.BindEndpointAsync(ListenOptions endpoint, AddressBindContext context, CancellationToken cancellationToken)
   --- End of inner exception stack trace ---
   at Microsoft.AspNetCore.Server.Kestrel.Core.Internal.AddressBinder.BindEndpointAsync(ListenOptions endpoint, AddressBindContext context, CancellationToken cancellationToken)
   at Microsoft.AspNetCore.Server.Kestrel.Core.LocalhostListenOptions.BindAsync(AddressBindContext context, CancellationToken cancellationToken)
   at Microsoft.AspNetCore.Server.Kestrel.Core.Internal.AddressBinder.AddressesStrategy.BindAsync(AddressBindContext context, CancellationToken cancellationToken)
   at Microsoft.AspNetCore.Server.Kestrel.Core.Internal.AddressBinder.BindAsync(ListenOptions[] listenOptions, AddressBindContext context, Func`2 useHttps, CancellationToken cancellationToken)
   at Microsoft.AspNetCore.Server.Kestrel.Core.KestrelServerImpl.BindAsync(CancellationToken cancellationToken)
   at Microsoft.AspNetCore.Server.Kestrel.Core.KestrelServerImpl.StartAsync[TContext](IHttpApplication`1 application, CancellationToken cancellationToken)
   at Microsoft.AspNetCore.Hosting.GenericWebHostService.StartAsync(CancellationToken cancellationToken)
   at Microsoft.Extensions.Hosting.Internal.Host.<StartAsync>b__15_1(IHostedService service, CancellationToken token)
   at Microsoft.Extensions.Hosting.Internal.Host.ForeachService[T](IEnumerable`1 services, CancellationToken token, Boolean concurrent, Boolean abortOnFirstException, List`1 exceptions, Func`3 operation)
2026-04-23 13:44:01.245 +07:00 [ERR] BackgroundService failed
System.OperationCanceledException: The operation was canceled.
   at System.Threading.Channels.AsyncOperation`1.GetResult(Int16 token)
   at System.Threading.Channels.ChannelReader`1.ReadAllAsync(CancellationToken cancellationToken)+MoveNext()
   at System.Threading.Channels.ChannelReader`1.ReadAllAsync(CancellationToken cancellationToken)+System.Threading.Tasks.Sources.IValueTaskSource<System.Boolean>.GetResult()
   at SmartLMS.Business.Handlers.AssessmentEventHandler.ExecuteAsync(CancellationToken stoppingToken) in C:\code\asp.net\SmartLMS.Business\Handlers\AssessmentEventHandler.cs:line 41
   at SmartLMS.Business.Handlers.AssessmentEventHandler.ExecuteAsync(CancellationToken stoppingToken) in C:\code\asp.net\SmartLMS.Business\Handlers\AssessmentEventHandler.cs:line 41
   at Microsoft.Extensions.Hosting.Internal.Host.TryExecuteBackgroundServiceAsync(BackgroundService backgroundService)
2026-04-23 13:44:01.353 +07:00 [FTL] The HostOptions.BackgroundServiceExceptionBehavior is configured to StopHost. A BackgroundService has thrown an unhandled exception, and the IHost instance is stopping. To avoid this behavior, configure this to Ignore; however the BackgroundService will not be restarted.
System.OperationCanceledException: The operation was canceled.
   at System.Threading.Channels.AsyncOperation`1.GetResult(Int16 token)
   at System.Threading.Channels.ChannelReader`1.ReadAllAsync(CancellationToken cancellationToken)+MoveNext()
   at System.Threading.Channels.ChannelReader`1.ReadAllAsync(CancellationToken cancellationToken)+System.Threading.Tasks.Sources.IValueTaskSource<System.Boolean>.GetResult()
   at SmartLMS.Business.Handlers.AssessmentEventHandler.ExecuteAsync(CancellationToken stoppingToken) in C:\code\asp.net\SmartLMS.Business\Handlers\AssessmentEventHandler.cs:line 41
   at SmartLMS.Business.Handlers.AssessmentEventHandler.ExecuteAsync(CancellationToken stoppingToken) in C:\code\asp.net\SmartLMS.Business\Handlers\AssessmentEventHandler.cs:line 41
   at Microsoft.Extensions.Hosting.Internal.Host.TryExecuteBackgroundServiceAsync(BackgroundService backgroundService)
2026-04-23 14:15:35.905 +07:00 [WRN] Entity 'Exam' has a global query filter defined and is the required end of a relationship with the entity 'ExamQuestion'. This may lead to unexpected results when the required entity is filtered out. Either configure the navigation as optional, or define matching query filters for both entities in the navigation. See https://go.microsoft.com/fwlink/?linkid=2131316 for more information.
2026-04-23 14:15:35.981 +07:00 [WRN] Entity 'Exam' has a global query filter defined and is the required end of a relationship with the entity 'QuizAttempt'. This may lead to unexpected results when the required entity is filtered out. Either configure the navigation as optional, or define matching query filters for both entities in the navigation. See https://go.microsoft.com/fwlink/?linkid=2131316 for more information.
2026-04-23 14:15:36.061 +07:00 [WRN] No store type was specified for the decimal property 'AI_BaseSalaryImpact' on entity type 'Course'. This will cause values to be silently truncated if they do not fit in the default precision and scale. Explicitly specify the SQL server column type that can accommodate all the values in 'OnModelCreating' using 'HasColumnType', specify precision and scale using 'HasPrecision', or configure a value converter using 'HasConversion'.
2026-04-23 14:15:36.064 +07:00 [WRN] No store type was specified for the decimal property 'DiscountPrice' on entity type 'Course'. This will cause values to be silently truncated if they do not fit in the default precision and scale. Explicitly specify the SQL server column type that can accommodate all the values in 'OnModelCreating' using 'HasColumnType', specify precision and scale using 'HasPrecision', or configure a value converter using 'HasConversion'.
2026-04-23 14:15:37.687 +07:00 [INF] Start installing Hangfire SQL objects...
2026-04-23 14:15:38.258 +07:00 [INF] Hangfire SQL objects installed.
2026-04-23 14:15:38.672 +07:00 [INF] Assessment Event Handler is starting...
2026-04-23 14:15:38.766 +07:00 [INF] Starting Hangfire Server using job storage: 'SQL Server: localhost@SmartLMS'
2026-04-23 14:15:38.767 +07:00 [INF] Using the following options for SQL Server job storage: Queue poll interval: 00:00:00.
2026-04-23 14:15:38.769 +07:00 [INF] Using the following options for Hangfire Server:
    Worker count: 20
    Listening queues: 'default'
    Shutdown timeout: 00:00:15
    Schedule polling interval: 00:00:15
2026-04-23 14:15:38.827 +07:00 [INF] Server desktop-36u3ca2:9300:5e9383f9 successfully announced in 45.9987 ms
2026-04-23 14:15:38.830 +07:00 [INF] Server desktop-36u3ca2:9300:5e9383f9 is starting the registered dispatchers: ServerWatchdog, ServerJobCancellationWatcher, SqlServerHeartbeatProcess, ExpirationManager, CountersAggregator, Worker, DelayedJobScheduler, RecurringJobScheduler...
2026-04-23 14:15:38.841 +07:00 [INF] Server desktop-36u3ca2:9300:5e9383f9 all the dispatchers started
2026-04-23 14:15:38.844 +07:00 [INF] 1 servers were removed due to timeout
2026-04-23 15:22:26.570 +07:00 [ERR] The view 'Index' was not found. Searched locations: ["/Views/IAM/Index.cshtml","/Views/Shared/Index.cshtml"]
2026-04-23 15:22:26.637 +07:00 [ERR] Đã xảy ra lỗi hệ thống (Unhandled Exception).
System.InvalidOperationException: The view 'Index' was not found. The following locations were searched:
/Views/IAM/Index.cshtml
/Views/Shared/Index.cshtml
   at Microsoft.AspNetCore.Mvc.ViewEngines.ViewEngineResult.EnsureSuccessful(IEnumerable`1 originalLocations)
   at Microsoft.AspNetCore.Mvc.ViewFeatures.ViewResultExecutor.ExecuteAsync(ActionContext context, ViewResult result)
   at Microsoft.AspNetCore.Mvc.ViewResult.ExecuteResultAsync(ActionContext context)
   at Microsoft.AspNetCore.Mvc.Infrastructure.ResourceInvoker.<InvokeNextResultFilterAsync>g__Awaited|30_0[TFilter,TFilterAsync](ResourceInvoker invoker, Task lastTask, State next, Scope scope, Object state, Boolean isCompleted)
   at Microsoft.AspNetCore.Mvc.Infrastructure.ResourceInvoker.Rethrow(ResultExecutedContextSealed context)
   at Microsoft.AspNetCore.Mvc.Infrastructure.ResourceInvoker.ResultNext[TFilter,TFilterAsync](State& next, Scope& scope, Object& state, Boolean& isCompleted)
   at Microsoft.AspNetCore.Mvc.Infrastructure.ResourceInvoker.InvokeResultFilters()
--- End of stack trace from previous location ---
   at Microsoft.AspNetCore.Mvc.Infrastructure.ResourceInvoker.<InvokeNextResourceFilter>g__Awaited|25_0(ResourceInvoker invoker, Task lastTask, State next, Scope scope, Object state, Boolean isCompleted)
   at Microsoft.AspNetCore.Mvc.Infrastructure.ResourceInvoker.Rethrow(ResourceExecutedContextSealed context)
   at Microsoft.AspNetCore.Mvc.Infrastructure.ResourceInvoker.Next(State& next, Scope& scope, Object& state, Boolean& isCompleted)
   at Microsoft.AspNetCore.Mvc.Infrastructure.ResourceInvoker.<InvokeFilterPipelineAsync>g__Awaited|20_0(ResourceInvoker invoker, Task lastTask, State next, Scope scope, Object state, Boolean isCompleted)
   at Microsoft.AspNetCore.Mvc.Infrastructure.ResourceInvoker.<InvokeAsync>g__Awaited|17_0(ResourceInvoker invoker, Task task, IDisposable scope)
   at Microsoft.AspNetCore.Mvc.Infrastructure.ResourceInvoker.<InvokeAsync>g__Awaited|17_0(ResourceInvoker invoker, Task task, IDisposable scope)
   at Microsoft.AspNetCore.Authorization.AuthorizationMiddleware.Invoke(HttpContext context)
   at Microsoft.AspNetCore.Authentication.AuthenticationMiddleware.Invoke(HttpContext context)
   at Prometheus.HttpMetrics.HttpRequestDurationMiddleware.Invoke(HttpContext context)
   at Prometheus.HttpMetrics.HttpRequestCountMiddleware.Invoke(HttpContext context)
   at Prometheus.HttpMetrics.HttpInProgressMiddleware.Invoke(HttpContext context)
   at Microsoft.AspNetCore.ResponseCompression.ResponseCompressionMiddleware.InvokeCore(HttpContext context)
   at Swashbuckle.AspNetCore.SwaggerUI.SwaggerUIMiddleware.Invoke(HttpContext httpContext)
   at Swashbuckle.AspNetCore.Swagger.SwaggerMiddleware.Invoke(HttpContext httpContext, ISwaggerProvider swaggerProvider)
   at SmartLMS.Web.Middlewares.ApiExceptionHandlerMiddleware.Invoke(HttpContext context) in C:\code\asp.net\SmartLMS.Web\Middlewares\ApiExceptionHandlerMiddleware.cs:line 24
2026-04-23 15:22:26.725 +07:00 [ERR] An unhandled exception has occurred while executing the request.
System.InvalidOperationException: The view 'Index' was not found. The following locations were searched:
/Views/IAM/Index.cshtml
/Views/Shared/Index.cshtml
   at SmartLMS.Web.Middlewares.ApiExceptionHandlerMiddleware.HandleExceptionAsync(HttpContext context, Exception exception) in C:\code\asp.net\SmartLMS.Web\Middlewares\ApiExceptionHandlerMiddleware.cs:line 55
   at SmartLMS.Web.Middlewares.ApiExceptionHandlerMiddleware.Invoke(HttpContext context) in C:\code\asp.net\SmartLMS.Web\Middlewares\ApiExceptionHandlerMiddleware.cs:line 29
   at Microsoft.AspNetCore.Diagnostics.DeveloperExceptionPageMiddlewareImpl.Invoke(HttpContext context)
2026-04-23 15:27:41.182 +07:00 [WRN] Stopping the server due to DomainUnload or ProcessExit event...
2026-04-23 15:27:41.190 +07:00 [INF] Server desktop-36u3ca2:9300:5e9383f9 caught stopping signal...
2026-04-23 15:27:41.192 +07:00 [INF] Server desktop-36u3ca2:9300:5e9383f9 caught stopped signal...
2026-04-23 15:27:41.194 +07:00 [WRN] Server desktop-36u3ca2:9300:5e9383f9 caught shutdown signal...
2026-04-23 15:27:41.197 +07:00 [WRN] Server desktop-36u3ca2:9300:5e9383f9 stopped non-gracefully due to ServerWatchdog, ServerJobCancellationWatcher, SqlServerHeartbeatProcess, ExpirationManager, CountersAggregator, Worker, DelayedJobScheduler, RecurringJobScheduler. Outstanding work on those dispatchers could be aborted, and there can be delays in background processing. This server instance will be incorrectly shown as active for a while. To avoid non-graceful shutdowns, investigate what prevents from stopping gracefully and add CancellationToken support for those methods.
2026-04-23 15:27:41.528 +07:00 [INF] Server desktop-36u3ca2:9300:5e9383f9 successfully reported itself as stopped in 326.8509 ms
2026-04-23 15:27:41.530 +07:00 [INF] Server desktop-36u3ca2:9300:5e9383f9 has been stopped in total 338.4317 ms
